<html>
<body>
<pre>
<h1>µVision Build Log</h1>
<h2>Tool Versions:</h2>
IDE-Version: ¦ÌVision V5.31.0.0
Copyright (C) 2020 ARM Ltd and ARM Germany GmbH. All rights reserved.
License Information: 1 1, 1, LIC=JL28G-V16WT-WFQI7-EB2MR-7YGS4-JGVSI
 
Tool Versions:
Toolchain:       MDK-ARM Plus  Version: 5.31.0.0
Toolchain Path:  C:\rj\Keil_v5\ARM\ARMCC\Bin
C Compiler:      Armcc.exe V5.06 update 6 (build 750)
Assembler:       Armasm.exe V5.06 update 6 (build 750)
Linker/Locator:  ArmLink.exe V5.06 update 6 (build 750)
Library Manager: ArmAr.exe V5.06 update 6 (build 750)
Hex Converter:   FromElf.exe V5.06 update 6 (build 750)
CPU DLL:         SARMCM3.DLL V5.31.0.0
Dialog DLL:      DARMCM1.DLL V1.19.3.0
Target DLL:      Segger\JL2CM3.dll V2.99.38.0
Dialog DLL:      TARMCM1.DLL V1.14.2.0
 
<h2>Project:</h2>
C:\Users\macanlin\Desktop\STM32G070KB_uC-Modbus_RTU\MDK-ARM\STM32G070KB_uC-Modbus.uvprojx
Project File Date:  09/18/2020

<h2>Output:</h2>
*** Using Compiler 'V5.06 update 6 (build 750)', folder: 'C:\rj\Keil_v5\ARM\ARMCC\Bin'
Build target 'STM32G070KB_uC-Modbus'
compiling stm32g0xx_hal_rcc.c...
compiling main.c...
compiling stm32g0xx_hal_tim_ex.c...
compiling stm32g0xx_it.c...
compiling stm32g0xx_hal_tim.c...
compiling stm32g0xx_hal_gpio.c...
compiling gpio.c...
compiling stm32g0xx_hal_msp.c...
compiling stm32g0xx_ll_rcc.c...
compiling stm32g0xx_hal_dma.c...
compiling stm32g0xx_hal_pwr.c...
compiling stm32g0xx_hal_flash.c...
compiling stm32g0xx_hal_pwr_ex.c...
compiling stm32g0xx_hal_cortex.c...
compiling stm32g0xx_hal_flash_ex.c...
compiling stm32g0xx_hal_rcc_ex.c...
compiling stm32g0xx_hal_dma_ex.c...
compiling stm32g0xx_hal_usart_ex.c...
compiling stm32g0xx_hal.c...
compiling stm32g0xx_hal_usart.c...
compiling stm32g0xx_hal_uart_ex.c...
compiling stm32g0xx_hal_exti.c...
compiling stm32g0xx_hal_uart.c...
compiling MB_DATA.C...
compiling system_stm32g0xx.c...
assembling cpu_a.asm...
compiling MB_UTIL.C...
compiling MBS_CORE.C...
..\Modbus\Source\MBS_CORE.C(1092): warning:  #177-D: function "MBS_FC10_writes"  was declared but never referenced
  static  CPU_BOOLEAN  MBS_FC10_writes (MODBUS_CH  *pch)
..\Modbus\Source\MBS_CORE.C: 1 warning, 0 errors
compiling MB_BSP.c...
compiling mb_app.c...
compiling MB.C...
compiling In_Flash.c...
linking...
Program Size: Code=46320 RO-data=312 RW-data=292 ZI-data=6852  
FromELF: creating hex file...
"STM32G070KB_uC-Modbus\STM32G070KB_uC-Modbus.axf" - 0 Error(s), 1 Warning(s).

<h2>Software Packages used:</h2>

Package Vendor: ARM
                http://www.keil.com/pack/ARM.CMSIS.5.7.0.pack
                ARM.CMSIS.5.7.0
                CMSIS (Cortex Microcontroller Software Interface Standard)
   * Component: CORE Version: 5.4.0

Package Vendor: Keil
                https://www.keil.com/pack/Keil.STM32G0xx_DFP.1.2.0.pack
                Keil.STM32G0xx_DFP.1.2.0
                STMicroelectronics STM32G0 Series Device Support

<h2>Collection of Component include folders:</h2>
  .\RTE\_STM32G070KB_uC-Modbus
  C:\rj\Keil_v5\ARM\PACK\ARM\CMSIS\5.7.0\CMSIS\Core\Include
  C:\rj\Keil_v5\ARM\PACK\Keil\STM32G0xx_DFP\1.2.0\Drivers\CMSIS\Device\ST\STM32G0xx\Include

<h2>Collection of Component Files used:</h2>

   * Component: ARM::CMSIS:CORE:5.4.0
Build Time Elapsed:  00:00:15
</pre>
</body>
</html>
